nohup: ignoring input

Scenario: n2_corridor (eval) | 5 TLS | 5 seeds | methods: mappo, webster, actuated, maxpressure, sotl, fixed

--- mappo ---
  5 checkpoint(s) x 5 eval seeds
 Retrying in 1 seconds
  mappo[0]     seed=42    | travel=  105.1s wait=  24.2s p95=  70.0s trips=2735
 Retrying in 1 seconds
  mappo[0]     seed=123   | travel=  103.5s wait=  23.3s p95=  70.0s trips=2743
 Retrying in 1 seconds
  mappo[0]     seed=456   | travel=  105.0s wait=  24.8s p95=  71.0s trips=2742
 Retrying in 1 seconds
  mappo[0]     seed=789   | travel=  105.9s wait=  24.0s p95=  70.0s trips=2742
 Retrying in 1 seconds
  mappo[0]     seed=1337  | travel=  106.4s wait=  24.5s p95=  70.0s trips=2743
 Retrying in 1 seconds
  mappo[1]     seed=42    | travel=  126.3s wait=  44.2s p95= 161.0s trips=2729
 Retrying in 1 seconds
  mappo[1]     seed=123   | travel=  121.3s wait=  40.3s p95= 154.2s trips=2738
 Retrying in 1 seconds
  mappo[1]     seed=456   | travel=  123.2s wait=  42.0s p95= 160.0s trips=2741
 Retrying in 1 seconds
  mappo[1]     seed=789   | travel=  127.3s wait=  44.2s p95= 153.0s trips=2727
 Retrying in 1 seconds
  mappo[1]     seed=1337  | travel=  130.3s wait=  46.9s p95= 164.0s trips=2737
 Retrying in 1 seconds
  mappo[2]     seed=42    | travel=  105.1s wait=  23.3s p95=  65.0s trips=2744
 Retrying in 1 seconds
  mappo[2]     seed=123   | travel=  103.5s wait=  22.8s p95=  63.0s trips=2745
 Retrying in 1 seconds
  mappo[2]     seed=456   | travel=  103.2s wait=  22.5s p95=  63.0s trips=2743
 Retrying in 1 seconds
  mappo[2]     seed=789   | travel=  106.0s wait=  23.8s p95=  67.0s trips=2745
 Retrying in 1 seconds
  mappo[2]     seed=1337  | travel=  104.3s wait=  22.2s p95=  63.0s trips=2747
 Retrying in 1 seconds
  mappo[3]     seed=42    | travel=  121.3s wait=  37.3s p95= 101.0s trips=2740
 Retrying in 1 seconds
  mappo[3]     seed=123   | travel=  123.4s wait=  39.8s p95= 114.0s trips=2733
 Retrying in 1 seconds
  mappo[3]     seed=456   | travel=  120.8s wait=  37.4s p95= 103.0s trips=2737
 Retrying in 1 seconds
  mappo[3]     seed=789   | travel=  125.1s wait=  40.2s p95= 115.0s trips=2741
 Retrying in 1 seconds
  mappo[3]     seed=1337  | travel=  127.2s wait=  41.5s p95= 115.4s trips=2733
 Retrying in 1 seconds
  mappo[4]     seed=42    | travel=  110.2s wait=  27.2s p95=  80.0s trips=2742
 Retrying in 1 seconds
  mappo[4]     seed=123   | travel=  115.9s wait=  32.7s p95=  97.0s trips=2742
 Retrying in 1 seconds
  mappo[4]     seed=456   | travel=  114.6s wait=  32.1s p95= 100.0s trips=2740
 Retrying in 1 seconds
  mappo[4]     seed=789   | travel=  210.3s wait= 116.6s p95= 710.3s trips=2394
 Retrying in 1 seconds
  mappo[4]     seed=1337  | travel=  121.8s wait=  37.8s p95= 117.0s trips=2610
  (790.6s)

--- webster ---
 Retrying in 1 seconds
 Retrying in 1 seconds
  webster      seed=42    | travel=   99.1s wait=  18.2s p95=  49.0s trips=2745
 Retrying in 1 seconds
 Retrying in 1 seconds
  webster      seed=123   | travel=   98.0s wait=  17.5s p95=  47.0s trips=2747
 Retrying in 1 seconds
 Retrying in 1 seconds
  webster      seed=456   | travel=  100.7s wait=  19.7s p95=  51.0s trips=2744
 Retrying in 1 seconds
 Retrying in 1 seconds
  webster      seed=789   | travel=   99.6s wait=  18.0s p95=  48.0s trips=2747
 Retrying in 1 seconds
 Retrying in 1 seconds
  webster      seed=1337  | travel=  100.2s wait=  18.3s p95=  50.0s trips=2753
  (214.7s)

--- actuated ---
 Retrying in 1 seconds
  actuated     seed=42    | travel=   93.9s wait=  13.8s p95=  38.0s trips=2769
 Retrying in 1 seconds
  actuated     seed=123   | travel=   92.8s wait=  13.6s p95=  37.6s trips=2769
 Retrying in 1 seconds
  actuated     seed=456   | travel=   94.3s wait=  14.5s p95=  40.0s trips=2769
 Retrying in 1 seconds
  actuated     seed=789   | travel=   94.5s wait=  13.6s p95=  37.0s trips=2769
 Retrying in 1 seconds
  actuated     seed=1337  | travel=   95.1s wait=  14.0s p95=  38.0s trips=2769
  (23.5s)

--- maxpressure ---
 Retrying in 1 seconds
  maxpressure  seed=42    | travel=   98.2s wait=  16.8s p95=  44.0s trips=2745
 Retrying in 1 seconds
  maxpressure  seed=123   | travel=   97.2s wait=  16.6s p95=  43.0s trips=2744
 Retrying in 1 seconds
  maxpressure  seed=456   | travel=   96.8s wait=  16.1s p95=  42.0s trips=2742
 Retrying in 1 seconds
  maxpressure  seed=789   | travel=   99.5s wait=  17.1s p95=  45.0s trips=2743
 Retrying in 1 seconds
  maxpressure  seed=1337  | travel=   98.8s wait=  16.8s p95=  45.0s trips=2752
  (165.5s)

--- sotl ---
 Retrying in 1 seconds
  sotl         seed=42    | travel=   98.1s wait=  18.6s p95=  56.0s trips=2743
 Retrying in 1 seconds
  sotl         seed=123   | travel=   98.7s wait=  19.5s p95=  57.0s trips=2745
 Retrying in 1 seconds
  sotl         seed=456   | travel=   99.1s wait=  19.5s p95=  58.0s trips=2746
 Retrying in 1 seconds
  sotl         seed=789   | travel=   99.9s wait=  19.3s p95=  57.0s trips=2742
 Retrying in 1 seconds
  sotl         seed=1337  | travel=   99.6s wait=  19.1s p95=  58.0s trips=2745
  (165.9s)

--- fixed ---
 Retrying in 1 seconds
  fixed        seed=42    | travel=  107.5s wait=  25.6s p95=  67.0s trips=2743
 Retrying in 1 seconds
  fixed        seed=123   | travel=  106.6s wait=  25.2s p95=  64.0s trips=2741
 Retrying in 1 seconds
  fixed        seed=456   | travel=  107.2s wait=  25.5s p95=  65.0s trips=2744
 Retrying in 1 seconds
  fixed        seed=789   | travel=  108.3s wait=  25.7s p95=  67.0s trips=2743
 Retrying in 1 seconds
  fixed        seed=1337  | travel=  108.2s wait=  25.5s p95=  65.0s trips=2744
  (133.3s)

================================================================================================================================================
  COMPARISON (mean ± 95% CI; reference = mappo; † p_holm<0.05 vs mappo)
================================================================================================================================================
  Metric                             mappo             webster            actuated         maxpressure                sotl               fixed
----------------------------------------------------------------------------------------------------------------------------------------------
  Travel time (s)               118.7±11.7           99.5±0.9†           94.1±0.8†           98.1±1.0†           99.1±0.6†           107.6±0.6
  Waiting (s)                    35.8±10.3           18.3±0.7†           13.9±0.3†           16.7±0.3†           19.2±0.3†            25.5±0.2
  Time loss (s)                  60.6±11.8           41.4±0.8†           36.1±0.5†           40.0±0.7†           41.0±0.4†            49.5±0.3
  P95 waiting (s)               124.7±57.5           49.0±1.4†           38.1±1.0†           43.8±1.1†           57.2±0.7†            65.6±1.2
  Served trips                 2720.5±36.9          2747.2±3.1         2769.0±0.0†          2745.2±3.5          2744.2±1.4          2743.0±1.1
  CO2 (mg/ep)                      nan±0.0             nan±0.0             nan±0.0             nan±0.0             nan±0.0             nan±0.0
  Fuel (mg/ep)                     nan±0.0             nan±0.0             nan±0.0             nan±0.0             nan±0.0             nan±0.0
================================================================================================================================================

[out] wrote /home/nghiale_31241024698/Sim2Real-MAPPO-Traffic/results/paper1_mappo/eval_tables/n2_corridor_20260704_105936/summary.json and /home/nghiale_31241024698/Sim2Real-MAPPO-Traffic/results/paper1_mappo/eval_tables/n2_corridor_20260704_105936/table.csv
