[noise] loaded calibrated config from /home/nghiale_31241024698/Sim2Real-MAPPO-Traffic/configs/noise_config.json
 Retrying in 1 seconds
 Retrying in 1 seconds
 Retrying in 1 seconds
 Retrying in 1 seconds
 Retrying in 1 seconds
[noise] scale_0              travel=295.7s wait=119.0s p95=412.7s
 Retrying in 1 seconds
 Retrying in 1 seconds
 Retrying in 1 seconds
 Retrying in 1 seconds
 Retrying in 1 seconds
[noise] scale_0.5            travel=279.9s wait=107.6s p95=381.6s
 Retrying in 1 seconds
 Retrying in 1 seconds
 Retrying in 1 seconds
 Retrying in 1 seconds
 Retrying in 1 seconds
[noise] scale_1              travel=315.8s wait=134.5s p95=496.9s
 Retrying in 1 seconds
 Retrying in 1 seconds
 Retrying in 1 seconds
 Retrying in 1 seconds
 Retrying in 1 seconds
[noise] scale_2              travel=302.7s wait=124.4s p95=447.1s
 Retrying in 1 seconds
 Retrying in 1 seconds
 Retrying in 1 seconds
 Retrying in 1 seconds
 Retrying in 1 seconds
[noise] dropout_approach0    travel=321.8s wait=141.2s p95=474.1s
 Retrying in 1 seconds
 Retrying in 1 seconds
 Retrying in 1 seconds
 Retrying in 1 seconds
 Retrying in 1 seconds
[noise] delay_1step          travel=294.5s wait=120.2s p95=413.3s
[noise] wrote /home/nghiale_31241024698/Sim2Real-MAPPO-Traffic/results/paper1_mappo/noise_robustness/n3_grid_mappo_proxy_seed42
